mode: atomic
ApplyTrack/internal/user/handler.go:17.48,21.2 1 1
ApplyTrack/internal/user/handler.go:23.27,26.2 2 2
ApplyTrack/internal/user/handler.go:28.50,29.2 0 0
ApplyTrack/internal/user/handler.go:31.58,36.2 4 0
ApplyTrack/internal/user/handler.go:64.50,66.37 2 1
ApplyTrack/internal/user/handler.go:66.37,68.3 1 0
ApplyTrack/internal/user/handler.go:70.2,70.40 1 1
ApplyTrack/internal/user/handler.go:70.40,72.3 1 0
ApplyTrack/internal/user/handler.go:75.2,75.32 1 1
ApplyTrack/internal/user/handler.go:75.32,77.3 1 0
ApplyTrack/internal/user/handler.go:79.2,79.24 1 1
ApplyTrack/internal/user/handler.go:79.24,81.3 1 0
ApplyTrack/internal/user/handler.go:83.2,92.16 3 1
ApplyTrack/internal/user/handler.go:92.16,93.40 1 0
ApplyTrack/internal/user/handler.go:93.40,95.4 1 0
ApplyTrack/internal/user/handler.go:96.3,96.63 1 0
ApplyTrack/internal/user/handler.go:99.2,105.34 1 1
ApplyTrack/internal/user/handler.go:105.34,106.23 1 1
ApplyTrack/internal/user/handler.go:106.23,108.5 1 1
ApplyTrack/internal/user/handler.go:109.4,109.32 1 0
ApplyTrack/internal/user/handler.go:114.2,117.4 1 1
ApplyTrack/internal/user/handler.go:120.47,122.37 2 0
ApplyTrack/internal/user/handler.go:122.37,124.3 1 0
ApplyTrack/internal/user/handler.go:126.2,126.40 1 0
ApplyTrack/internal/user/handler.go:126.40,128.3 1 0
ApplyTrack/internal/user/handler.go:130.2,136.16 3 0
ApplyTrack/internal/user/handler.go:136.16,137.44 1 0
ApplyTrack/internal/user/handler.go:137.44,139.4 1 0
ApplyTrack/internal/user/handler.go:140.3,140.63 1 0
ApplyTrack/internal/user/handler.go:143.2,149.34 1 0
ApplyTrack/internal/user/handler.go:149.34,150.23 1 0
ApplyTrack/internal/user/handler.go:150.23,152.5 1 0
ApplyTrack/internal/user/handler.go:153.4,153.32 1 0
ApplyTrack/internal/user/handler.go:158.2,161.4 1 0
ApplyTrack/internal/user/handler.go:164.48,171.34 1 0
ApplyTrack/internal/user/handler.go:171.34,172.23 1 0
ApplyTrack/internal/user/handler.go:172.23,174.5 1 0
ApplyTrack/internal/user/handler.go:175.4,175.32 1 0
ApplyTrack/internal/user/handler.go:181.2,181.74 1 0
ApplyTrack/internal/user/handler.go:184.53,186.16 2 0
ApplyTrack/internal/user/handler.go:186.16,188.3 1 0
ApplyTrack/internal/user/handler.go:190.2,191.29 2 0
ApplyTrack/internal/user/handler.go:191.29,193.3 1 0
ApplyTrack/internal/user/handler.go:195.2,195.45 1 0
ApplyTrack/internal/user/handler.go:198.56,200.24 2 0
ApplyTrack/internal/user/handler.go:200.24,202.3 1 0
ApplyTrack/internal/user/handler.go:204.2,207.16 3 0
ApplyTrack/internal/user/handler.go:207.16,209.3 1 0
ApplyTrack/internal/user/handler.go:211.2,211.55 1 0
ApplyTrack/internal/user/handler.go:214.54,218.2 1 0
ApplyTrack/internal/user/handler.go:220.59,222.24 2 0
ApplyTrack/internal/user/handler.go:222.24,224.3 1 0
ApplyTrack/internal/user/handler.go:226.2,229.16 3 0
ApplyTrack/internal/user/handler.go:229.16,231.3 1 0
ApplyTrack/internal/user/handler.go:233.2,239.34 1 0
ApplyTrack/internal/user/handler.go:239.34,240.23 1 0
ApplyTrack/internal/user/handler.go:240.23,242.5 1 0
ApplyTrack/internal/user/handler.go:243.4,243.32 1 0
ApplyTrack/internal/user/handler.go:249.2,249.89 1 0
ApplyTrack/internal/user/handler.go:252.56,254.24 2 0
ApplyTrack/internal/user/handler.go:254.24,256.3 1 0
ApplyTrack/internal/user/handler.go:258.2,262.16 3 0
ApplyTrack/internal/user/handler.go:262.16,264.3 1 0
ApplyTrack/internal/user/handler.go:272.2,302.42 4 0
ApplyTrack/internal/user/handler.go:305.48,312.2 1 1
ApplyTrack/internal/user/service.go:20.44,27.2 2 0
ApplyTrack/internal/user/service.go:43.43,47.2 1 1
ApplyTrack/internal/user/service.go:49.75,50.43 1 1
ApplyTrack/internal/user/service.go:50.43,52.3 1 0
ApplyTrack/internal/user/service.go:54.2,54.40 1 1
ApplyTrack/internal/user/service.go:54.40,56.3 1 0
ApplyTrack/internal/user/service.go:58.2,59.16 2 1
ApplyTrack/internal/user/service.go:59.16,61.3 1 0
ApplyTrack/internal/user/service.go:63.2,69.16 3 1
ApplyTrack/internal/user/service.go:69.16,70.33 1 0
ApplyTrack/internal/user/service.go:70.33,72.4 1 0
ApplyTrack/internal/user/service.go:73.3,73.70 1 0
ApplyTrack/internal/user/service.go:76.2,77.16 2 1
ApplyTrack/internal/user/service.go:77.16,79.3 1 0
ApplyTrack/internal/user/service.go:81.2,84.8 1 1
ApplyTrack/internal/user/service.go:87.69,89.16 2 0
ApplyTrack/internal/user/service.go:89.16,91.3 1 0
ApplyTrack/internal/user/service.go:93.2,94.16 2 0
ApplyTrack/internal/user/service.go:94.16,96.3 1 0
ApplyTrack/internal/user/service.go:98.2,99.16 2 0
ApplyTrack/internal/user/service.go:99.16,101.3 1 0
ApplyTrack/internal/user/service.go:103.2,106.8 1 0
ApplyTrack/internal/user/service.go:109.67,111.2 1 0
ApplyTrack/internal/user/service.go:113.53,115.2 1 0
ApplyTrack/internal/user/service.go:117.58,119.2 1 0
ApplyTrack/internal/user/store.go:37.55,39.2 1 1
ApplyTrack/internal/user/store.go:41.54,45.16 3 0
ApplyTrack/internal/user/store.go:45.16,47.3 1 0
ApplyTrack/internal/user/store.go:49.2,50.33 2 0
ApplyTrack/internal/user/store.go:50.33,52.3 1 0
ApplyTrack/internal/user/store.go:54.2,54.19 1 0
ApplyTrack/internal/user/store.go:57.72,61.16 3 0
ApplyTrack/internal/user/store.go:61.16,63.3 1 0
ApplyTrack/internal/user/store.go:65.2,65.35 1 0
ApplyTrack/internal/user/store.go:68.71,72.16 3 0
ApplyTrack/internal/user/store.go:72.16,74.3 1 0
ApplyTrack/internal/user/store.go:76.2,76.35 1 0
ApplyTrack/internal/user/store.go:79.78,88.16 4 1
ApplyTrack/internal/user/store.go:88.16,90.3 1 0
ApplyTrack/internal/user/store.go:92.2,92.35 1 1
ApplyTrack/internal/user/store.go:95.64,98.2 2 0
ApplyTrack/internal/user/store.go:100.41,108.2 1 1
